1.anatoly@anatoly-VirtualBox:~$ cat packanimals.txt

donkeys

horses

camels

anatoly@anatoly-VirtualBox:~$ cat pets.txt

cat

dog

hamster

anatoly@anatoly-VirtualBox:~$ cat pets.txt packanimals.txt>humansfriends.txt

anatoly@anatoly-VirtualBox:~$ cat humansfriends.txt

cat

dog

hamster

donkeys

horses

camels



2.anatoly@anatoly-VirtualBox:~$ mkdir shelter

anatoly@anatoly-VirtualBox:~$ mv humansfriends.txt~/CII/shelter

mv: missing destination file operand after 'humansfriends.txt~/CII/shelter'

Try 'mv --help' for more information.

anatoly@anatoly-VirtualBox:~$ ls -l

total 164

-rw-rw-r-- 1 anatoly anatoly      0 апр  2 17:36 cat.txt

-rw-rw-r-- 1 anatoly anatoly      0 апр  2 17:57 counter.log

-rw-rw-r-- 1 anatoly anatoly    502 апр 22 20:01 delfiletodir

drwxr-xr-x 2 anatoly anatoly   4096 мар 27 02:01 Desktop

-rw-rw-r-- 1 anatoly anatoly    330 июл 18 18:23 docker-compose.yml

-rw-rw-r-- 1 anatoly anatoly     21 июл 18 17:58 Dockerfile

drwxr-xr-x 2 anatoly anatoly   4096 мар 27 02:01 Documents

drwxr-xr-x 2 anatoly anatoly   4096 мар 27 02:01 Downloads

-rw-rw-r-- 1 anatoly anatoly      8 апр  1 22:06 file1

-rw------- 1 anatoly anatoly      9 апр  1 22:07 file2

drwxrwxr-x 2 anatoly anatoly   4096 апр 26 17:15 for

-rw-rw-r-- 1 anatoly anatoly     22 июл 24 19:12 friendsofahuman.txt

drwxrwxr-x 3 anatoly anatoly   4096 июл  2 20:55 gb

drwxrwxr-x 6 anatoly anatoly   4096 июл  3 16:50 gbnewroot

drwxrwxr-x 3 anatoly anatoly   4096 июл  2 21:05 geekbrains

drwxr-xr-x 2 root    root      4096 апр 17 00:42 html

-rw-rw-r-- 1 anatoly anatoly     38 июл 24 19:19 humansfriends.txt

-rw-rw-r-- 1 anatoly anatoly     22 апр  1 22:00 lalala_file2

drwxrwxr-x 2 anatoly anatoly   4096 июл  2 23:39 lib

drwxrwxr-x 2 anatoly anatoly   4096 июл  2 23:31 lib64

-rw-rw-r-- 1 anatoly anatoly   8310 апр  2 17:52 ls.txt

drwxr-xr-x 2 anatoly anatoly   4096 мар 27 02:01 Music

-rw-rw-r-- 1 anatoly anatoly     49 апр  8 20:39 nginx.list

drwxrwxr-x 6 vboxadd gamemode  4096 июл  9 20:54 ourdb

-rw-rw-r-- 1 anatoly anatoly     22 июл 24 19:09 packanimals.txt

-rw-rw-r-- 1 anatoly anatoly     16 июл 24 19:16 pets.txt

drwxr-xr-x 3 anatoly anatoly   4096 апр 15 22:55 Pictures

-rw-rw-r-- 1 anatoly anatoly      0 апр 22 19:26 print11

drwxr-xr-x 2 anatoly anatoly   4096 мар 27 02:01 Public

-rw-rw-r-- 1 anatoly anatoly      0 апр 26 17:21 Roboty

drwxrwxr-x 2 anatoly anatoly   4096 июл 24 19:20 shelter

drwx------ 5 anatoly anatoly   4096 июл 15 19:49 snap

drwxr-xr-x 2 anatoly anatoly   4096 мар 27 02:01 Templates

-rw-r----- 1 root    root     18446 июл  8 18:30 test123.out

drwxrwxr-x 3 anatoly anatoly   4096 июл  2 21:56 testfolder

-rw-rw-r-- 1 anatoly anatoly   2629 апр 22 20:25 test.txt

-rw-rw-r-- 1 anatoly anatoly     17 апр  2 17:53 total

-rw-rw-r-- 1 anatoly anatoly      0 апр 22 19:24 user3.sh

drwxr-xr-x 2 anatoly anatoly   4096 мар 27 02:01 Videos

drwxrwxr-x 2 anatoly anatoly   4096 апр 17 01:11 wordpress_site



anatoly@anatoly-VirtualBox:~$ mv humansfriends.txt shelter

anatoly@anatoly-VirtualBox:~$ cd shelter/

anatoly@anatoly-VirtualBox:~/shelter$ ls -l

total 4

-rw-rw-r-- 1 anatoly anatoly 38 июл 24 19:19 humansfriends.txt

anatoly@anatoly-VirtualBox:~/shelter$ cd

anatoly@anatoly-VirtualBox:~$ ls -l

total 160

-rw-rw-r-- 1 anatoly anatoly      0 апр  2 17:36 cat.txt

-rw-rw-r-- 1 anatoly anatoly      0 апр  2 17:57 counter.log

-rw-rw-r-- 1 anatoly anatoly    502 апр 22 20:01 delfiletodir

drwxr-xr-x 2 anatoly anatoly   4096 мар 27 02:01 Desktop

-rw-rw-r-- 1 anatoly anatoly    330 июл 18 18:23 docker-compose.yml

-rw-rw-r-- 1 anatoly anatoly     21 июл 18 17:58 Dockerfile

drwxr-xr-x 2 anatoly anatoly   4096 мар 27 02:01 Documents

drwxr-xr-x 2 anatoly anatoly   4096 мар 27 02:01 Downloads

-rw-rw-r-- 1 anatoly anatoly      8 апр  1 22:06 file1

-rw------- 1 anatoly anatoly      9 апр  1 22:07 file2

drwxrwxr-x 2 anatoly anatoly   4096 апр 26 17:15 for

-rw-rw-r-- 1 anatoly anatoly     22 июл 24 19:12 friendsofahuman.txt

drwxrwxr-x 3 anatoly anatoly   4096 июл  2 20:55 gb

drwxrwxr-x 6 anatoly anatoly   4096 июл  3 16:50 gbnewroot

drwxrwxr-x 3 anatoly anatoly   4096 июл  2 21:05 geekbrains

drwxr-xr-x 2 root    root      4096 апр 17 00:42 html

-rw-rw-r-- 1 anatoly anatoly     22 апр  1 22:00 lalala_file2

drwxrwxr-x 2 anatoly anatoly   4096 июл  2 23:39 lib

drwxrwxr-x 2 anatoly anatoly   4096 июл  2 23:31 lib64

-rw-rw-r-- 1 anatoly anatoly   8310 апр  2 17:52 ls.txt

drwxr-xr-x 2 anatoly anatoly   4096 мар 27 02:01 Music

-rw-rw-r-- 1 anatoly anatoly     49 апр  8 20:39 nginx.list

drwxrwxr-x 6 vboxadd gamemode  4096 июл  9 20:54 ourdb

-rw-rw-r-- 1 anatoly anatoly     22 июл 24 19:09 packanimals.txt

-rw-rw-r-- 1 anatoly anatoly     16 июл 24 19:16 pets.txt

drwxr-xr-x 3 anatoly anatoly   4096 апр 15 22:55 Pictures

-rw-rw-r-- 1 anatoly anatoly      0 апр 22 19:26 print11

drwxr-xr-x 2 anatoly anatoly   4096 мар 27 02:01 Public

-rw-rw-r-- 1 anatoly anatoly      0 апр 26 17:21 Roboty

drwxrwxr-x 2 anatoly anatoly   4096 июл 24 19:33 shelter

drwx------ 5 anatoly anatoly   4096 июл 15 19:49 snap

drwxr-xr-x 2 anatoly anatoly   4096 мар 27 02:01 Templates

-rw-r----- 1 root    root     18446 июл  8 18:30 test123.out

drwxrwxr-x 3 anatoly anatoly   4096 июл  2 21:56 testfolder

-rw-rw-r-- 1 anatoly anatoly   2629 апр 22 20:25 test.txt

-rw-rw-r-- 1 anatoly anatoly     17 апр  2 17:53 total

-rw-rw-r-- 1 anatoly anatoly      0 апр 22 19:24 user3.sh

drwxr-xr-x 2 anatoly anatoly   4096 мар 27 02:01 Videos

drwxrwxr-x 2 anatoly anatoly   4096 апр 17 01:11 wordpress_site



3. anatoly@anatoly-VirtualBox:~$ sudo wget https://dev.mysql.com/downloads/file/?id=521319

[sudo] password for anatoly: 

--2023-07-24 19:40:03--  https://dev.mysql.com/downloads/file/?id=521319

Resolving dev.mysql.com (dev.mysql.com)... 184.51.238.43, 2a02:2d8:3:9a9::2e31, 2a02:2d8:3:9a5::2e31

Connecting to dev.mysql.com (dev.mysql.com)|184.51.238.43|:443... connected.

HTTP request sent, awaiting response... 200 OK

Length: 21656 (21K) [text/html]

Saving to: ‘index.html?id=521319’



index.html?id=52131 100%[===================>]  21,15K  --.-KB/s    in 0s      



2023-07-24 19:40:04 (259 MB/s) - ‘index.html?id=521319’ saved [21656/21656]



anatoly@anatoly-VirtualBox:~$ sudo wget https://dev.mysql.com/get/mysql-apt-config_0.8.26-1_all.deb

--2023-07-24 19:43:05--  https://dev.mysql.com/get/mysql-apt-config_0.8.26-1_all.deb

Resolving dev.mysql.com (dev.mysql.com)... 184.51.238.43, 2a02:2d8:3:9a9::2e31, 2a02:2d8:3:9a5::2e31

Connecting to dev.mysql.com (dev.mysql.com)|184.51.238.43|:443... connected.

HTTP request sent, awaiting response... 302 Moved Temporarily

Location: https://repo.mysql.com//mysql-apt-config_0.8.26-1_all.deb [following]

--2023-07-24 19:43:05--  https://repo.mysql.com//mysql-apt-config_0.8.26-1_all.deb

Resolving repo.mysql.com (repo.mysql.com)... 23.34.232.219

Connecting to repo.mysql.com (repo.mysql.com)|23.34.232.219|:443... connected.

HTTP request sent, awaiting response... 200 OK

Length: 18088 (18K) [application/x-debian-package]

Saving to: ‘mysql-apt-config_0.8.26-1_all.deb’



mysql-apt-config_0. 100%[===================>]  17,66K  --.-KB/s    in 0s      



2023-07-24 19:43:05 (292 MB/s) - ‘mysql-apt-config_0.8.26-1_all.deb’ saved [18088/18088]




anatoly@anatoly-VirtualBox:~$ sudo dpkg -i mysql-apt-config_0.8.26-1_all.deb

Selecting previously unselected package mysql-apt-config.

(Reading database ... 220699 files and directories currently installed.)

Preparing to unpack mysql-apt-config_0.8.26-1_all.deb ...

Unpacking mysql-apt-config (0.8.26-1) ...

Setting up mysql-apt-config (0.8.26-1) ...



s

anatoly@anatoly-VirtualBox:~$ sudo apt upgrade

Reading package lists... Done

Building dependency tree... Done

Reading state information... Done

Calculating upgrade... Done

#

# An OpenSSL vulnerability has recently been fixed with USN-6188-1 & 6119-1:

# CVE-2023-2650: possible DoS translating ASN.1 object identifiers.

# Ensure you have updated the package to its latest version.

#

The following packages will be upgraded:

  docker-buildx-plugin docker-ce docker-ce-cli docker-ce-rootless-extras

  docker-compose-plugin librados2 librbd1

7 upgraded, 0 newly installed, 0 to remove and 0 not upgraded.

Need to get 92,5 MB of archives.

After this operation, 129 kB of additional disk space will be used.

E: You don't have enough free space in /var/cache/apt/archives/.

anatoly@anatoly-VirtualBox:~$ apt-get clean

E: Could not open lock file /var/cache/apt/archives/lock - open (13: Permission denied)

E: Unable to lock directory /var/cache/apt/archives/

E: Could not open lock file /var/lib/apt/lists/lock - open (13: Permission denied)

E: Unable to lock directory /var/lib/apt/lists/

W: Problem unlinking the file /var/cache/apt/pkgcache.bin - RemoveCaches (13: Permission denied)

W: Problem unlinking the file /var/cache/apt/srcpkgcache.bin - RemoveCaches (13: Permission denied)

anatoly@anatoly-VirtualBox:~$ sudo apt-get clean

anatoly@anatoly-VirtualBox:~$ sudo apt upgrade

Reading package lists... Done

Building dependency tree... Done

Reading state information... Done

Calculating upgrade... Done

#

# An OpenSSL vulnerability has recently been fixed with USN-6188-1 & 6119-1:

# CVE-2023-2650: possible DoS translating ASN.1 object identifiers.

# Ensure you have updated the package to its latest version.

#

The following packages will be upgraded:

  docker-buildx-plugin docker-ce docker-ce-cli docker-ce-rootless-extras

  docker-compose-plugin librados2 librbd1

7 upgraded, 0 newly installed, 0 to remove and 0 not upgraded.

Need to get 92,5 MB of archives.

After this operation, 129 kB of additional disk space will be used.

Do you want to continue? [Y/n] y

Get:1 http://ru.archive.ubuntu.com/ubuntu kinetic-updates/main amd64 librbd1 amd64 17.2.6-0ubuntu0.22.10.1 [3 562 kB]

Get:2 https://download.docker.com/linux/ubuntu focal/stable amd64 docker-buildx-plugin amd64 0.11.2-1~ubuntu.20.04~focal [28,2 MB]

Get:3 http://ru.archive.ubuntu.com/ubuntu kinetic-updates/main amd64 librados2 amd64 17.2.6-0ubuntu0.22.10.1 [3 646 kB]

Get:4 https://download.docker.com/linux/ubuntu focal/stable amd64 docker-ce-cli amd64 5:24.0.5-1~ubuntu.20.04~focal [13,3 MB]

Get:5 https://download.docker.com/linux/ubuntu focal/stable amd64 docker-ce amd64 5:24.0.5-1~ubuntu.20.04~focal [22,9 MB]

Get:6 https://download.docker.com/linux/ubuntu focal/stable amd64 docker-ce-rootless-extras amd64 5:24.0.5-1~ubuntu.20.04~focal [9 032 kB]

Get:7 https://download.docker.com/linux/ubuntu focal/stable amd64 docker-compose-plugin amd64 2.20.2-1~ubuntu.20.04~focal [11,9 MB]

Fetched 92,5 MB in 8s (11,1 MB/s)                                              

(Reading database ... 220704 files and directories currently installed.)

Preparing to unpack .../0-docker-buildx-plugin_0.11.2-1~ubuntu.20.04~focal_amd64

.deb ...

Unpacking docker-buildx-plugin (0.11.2-1~ubuntu.20.04~focal) over (0.11.1-1~ubun

tu.20.04~focal) ...

Preparing to unpack .../1-docker-ce-cli_5%3a24.0.5-1~ubuntu.20.04~focal_amd64.de

b ...

Unpacking docker-ce-cli (5:24.0.5-1~ubuntu.20.04~focal) over (5:24.0.4-1~ubuntu.

20.04~focal) ...

Preparing to unpack .../2-docker-ce_5%3a24.0.5-1~ubuntu.20.04~focal_amd64.deb ..

.

Unpacking docker-ce (5:24.0.5-1~ubuntu.20.04~focal) over (5:24.0.4-1~ubuntu.20.0

4~focal) ...

Preparing to unpack .../3-docker-ce-rootless-extras_5%3a24.0.5-1~ubuntu.20.04~fo

cal_amd64.deb ...

Unpacking docker-ce-rootless-extras (5:24.0.5-1~ubuntu.20.04~focal) over (5:24.0

.4-1~ubuntu.20.04~focal) ...

Preparing to unpack .../4-docker-compose-plugin_2.20.2-1~ubuntu.20.04~focal_amd6

4.deb ...

Unpacking docker-compose-plugin (2.20.2-1~ubuntu.20.04~focal) over (2.19.1-1~ubu

ntu.20.04~focal) ...

Preparing to unpack .../5-librbd1_17.2.6-0ubuntu0.22.10.1_amd64.deb ...

Unpacking librbd1 (17.2.6-0ubuntu0.22.10.1) over (17.2.5-0ubuntu0.22.10.3) ...

Preparing to unpack .../6-librados2_17.2.6-0ubuntu0.22.10.1_amd64.deb ...

Unpacking librados2 (17.2.6-0ubuntu0.22.10.1) over (17.2.5-0ubuntu0.22.10.3) ...

Setting up librados2 (17.2.6-0ubuntu0.22.10.1) ...

Setting up docker-buildx-plugin (0.11.2-1~ubuntu.20.04~focal) ...

Setting up docker-compose-plugin (2.20.2-1~ubuntu.20.04~focal) ...

Setting up librbd1 (17.2.6-0ubuntu0.22.10.1) ...

Setting up docker-ce-cli (5:24.0.5-1~ubuntu.20.04~focal) ...

Setting up docker-ce-rootless-extras (5:24.0.5-1~ubuntu.20.04~focal) ...

Setting up docker-ce (5:24.0.5-1~ubuntu.20.04~focal) ...

Installing new version of config file /etc/default/docker ...

Installing new version of config file /etc/init.d/docker ...

Removing obsolete conffile /etc/init/docker.conf ...

Processing triggers for man-db (2.10.2-2) ...

Processing triggers for libc-bin (2.36-0ubuntu4) ...

anatoly@anatoly-VirtualBox:~$ sudo apt update

Hit:1 http://ru.archive.ubuntu.com/ubuntu kinetic InRelease

Hit:2 http://ru.archive.ubuntu.com/ubuntu kinetic-updates InRelease            

Hit:3 http://ru.archive.ubuntu.com/ubuntu kinetic-backports InRelease          

Get:4 http://repo.mysql.com/apt/ubuntu kinetic InRelease [12,9 kB]             

Hit:5 https://download.docker.com/linux/ubuntu focal InRelease                 

Hit:6 http://security.ubuntu.com/ubuntu kinetic-security InRelease          

Get:7 http://repo.mysql.com/apt/ubuntu kinetic/mysql-apt-config i386 Packages [565 B]

Get:8 http://repo.mysql.com/apt/ubuntu kinetic/mysql-apt-config amd64 Packages [565 B]

Get:9 http://repo.mysql.com/apt/ubuntu kinetic/mysql-tools amd64 Packages [7 966 B]

Get:10 http://repo.mysql.com/apt/ubuntu kinetic/mysql-tools i386 Packages [458 B]

Fetched 22,4 kB in 1s (23,9 kB/s)  

Reading package lists... Done

Building dependency tree... Done

Reading state information... Done

All packages are up to date.

W: https://download.docker.com/linux/ubuntu/dists/focal/InRelease: Key is stored in legacy trusted.gpg keyring (/etc/apt/trusted.gpg), see the DEPRECATION section in apt-key(8) for details.

anatoly@anatoly-VirtualBox:~$ sudo apt install mysql-server

Reading package lists... Done

Building dependency tree... Done

Reading state information... Done

The following NEW packages will be installed:

  mysql-server

0 upgraded, 1 newly installed, 0 to remove and 0 not upgraded.

Need to get 9 452 B of archives.

After this operation, 35,8 kB of additional disk space will be used.

Get:1 http://ru.archive.ubuntu.com/ubuntu kinetic-updates/main amd64 mysql-server all 8.0.33-0ubuntu0.22.10.2 [9 452 B]

Fetched 9 452 B in 0s (140 kB/s)    

Selecting previously unselected package mysql-server.

(Reading database ... 220703 files and directories currently installed.)

Preparing to unpack .../mysql-server_8.0.33-0ubuntu0.22.10.2_all.deb ...

Unpacking mysql-server (8.0.33-0ubuntu0.22.10.2) ...

Setting up mysql-server (8.0.33-0ubuntu0.22.10.2) ...

4. anatoly@anatoly-VirtualBox:~$ ~$ sudo wget https://launchpad.net/ubuntu/+source/linux-firmware/20220329.git681281e4-0ubuntu3.16/+build/26434227/+files/linux-firmware_20220329.git681281e4-0ubuntu3.16_all.deb

anatoly@anatoly-VirtualBox:~$ sudo dpkg -r networkd-dispatcher



5. history (команды отображены в этом текстовом файле)





